<html>
<body>
<pre>
<h1>礦ision Build Log</h1>
<h2>Tool Versions:</h2>
IDE-Version: μVision V5.27.1.0
Copyright (C) 2019 ARM Ltd and ARM Germany GmbH. All rights reserved.
License Information: y yj, t, LIC=ZB4EI-TZC5U-WF8I7-EG8N4-8EHBS-H4HYV
 
Tool Versions:
Toolchain:       MDK-ARM Plus  Version: 5.33.0.0
Toolchain Path:  D:\Keil install\ARM\ARMCC\Bin
C Compiler:      Armcc.exe V5.06 update 7 (build 960)
Assembler:       Armasm.exe V5.06 update 7 (build 960)
Linker/Locator:  ArmLink.exe V5.06 update 7 (build 960)
Library Manager: ArmAr.exe V5.06 update 7 (build 960)
Hex Converter:   FromElf.exe V5.06 update 7 (build 960)
CPU DLL:         SARMCM3.DLL V5.33.0.0
Dialog DLL:      DARMSTM.DLL V1.68.0.0
Target DLL:      STLink\ST-LINKIII-KEIL_SWO.dll V3.0.8.0
Dialog DLL:      TARMSTM.DLL V1.66.0.0
 
<h2>Project:</h2>
D:\Keil5\小发明\STM32 工程文件\扫地机器人 (副本)\USER\Vacuum Robot.uvprojx
Project File Date:  06/01/2021

<h2>Output:</h2>
*** Using Compiler 'V5.06 update 7 (build 960)', folder: 'D:\Keil install\ARM\ARMCC\Bin'
Rebuild target 'Vacuum Robot'
assembling startup_stm32f10x_md.s...
compiling core_cm3.c...
compiling mpuiic.c...
compiling delay.c...
compiling shineng.c...
compiling sport.c...
compiling system_stm32f10x.c...
compiling stm32f10x_it.c...
compiling pwm.c...
compiling usart.c...
compiling main.c...
compiling adc.c...
compiling mpu6050.c...
compiling oled.c...
compiling sys.c...
compiling inv_mpu.c...
compiling misc.c...
compiling inv_mpu_dmp_motion_driver.c...
compiling exti.c...
compiling control.c...
compiling stm32f10x_bkp.c...
compiling stm32f10x_crc.c...
compiling stm32f10x_adc.c...
compiling stm32f10x_dbgmcu.c...
compiling stm32f10x_cec.c...
compiling stm32f10x_dma.c...
compiling stm32f10x_dac.c...
compiling stm32f10x_exti.c...
compiling stm32f10x_can.c...
compiling stm32f10x_flash.c...
compiling stm32f10x_fsmc.c...
compiling stm32f10x_gpio.c...
compiling stm32f10x_i2c.c...
compiling stm32f10x_iwdg.c...
compiling stm32f10x_pwr.c...
compiling stm32f10x_rtc.c...
compiling stm32f10x_spi.c...
compiling stm32f10x_wwdg.c...
compiling stm32f10x_sdio.c...
compiling stm32f10x_rcc.c...
compiling usmart_config.c...
compiling stm32f10x_usart.c...
compiling usmart_str.c...
compiling usmart.c...
compiling stm32f10x_tim.c...
linking...
Program Size: Code=30006 RO-data=6014 RW-data=2480 ZI-data=1888  
FromELF: creating hex file...
"..\OBJ\Vacuum Robot.axf" - 0 Error(s), 0 Warning(s).

<h2>Software Packages used:</h2>

Package Vendor: Keil
                http://www.keil.com/pack/Keil.STM32F1xx_DFP.2.3.0.pack
                Keil.STM32F1xx_DFP.2.3.0
                STMicroelectronics STM32F1 Series Device Support, Drivers and Examples

<h2>Collection of Component include folders:</h2>
  .\RTE\_Vacuum_Robot
  D:\Keil install\Keil\STM32F1xx_DFP\2.3.0\Device\Include

<h2>Collection of Component Files used:</h2>
Build Time Elapsed:  00:00:02
</pre>
</body>
</html>
